lib/prisma.ts(6,3): error TS2322: Type '{ db: { url: string; }; }' is not assignable to type 'never'.
